C:\Users\Administrator\.jenkins\workspace\PRQA_devCWEtest\CWE_1023.c
C:\Users\Administrator\.jenkins\workspace\PRQA_devCWEtest\CWE_114_1.c
C:\Users\Administrator\.jenkins\workspace\PRQA_devCWEtest\CWE_114_2.c
C:\Users\Administrator\.jenkins\workspace\PRQA_devCWEtest\CWE_119_1.c
C:\Users\Administrator\.jenkins\workspace\PRQA_devCWEtest\CWE_119_2.c
C:\Users\Administrator\.jenkins\workspace\PRQA_devCWEtest\CWE_119_3.c
C:\Users\Administrator\.jenkins\workspace\PRQA_devCWEtest\CWE_119_4.c
C:\Users\Administrator\.jenkins\workspace\PRQA_devCWEtest\CWE_119_4_mod.c
C:\Users\Administrator\.jenkins\workspace\PRQA_devCWEtest\CWE_120_1.c
C:\Users\Administrator\.jenkins\workspace\PRQA_devCWEtest\CWE_120_2.c
C:\Users\Administrator\.jenkins\workspace\PRQA_devCWEtest\CWE_120_3.c
C:\Users\Administrator\.jenkins\workspace\PRQA_devCWEtest\CWE_120_4.c
C:\Users\Administrator\.jenkins\workspace\PRQA_devCWEtest\CWE_121_1.c
C:\Users\Administrator\.jenkins\workspace\PRQA_devCWEtest\CWE_121_2.c
C:\Users\Administrator\.jenkins\workspace\PRQA_devCWEtest\CWE_122_1.c
C:\Users\Administrator\.jenkins\workspace\PRQA_devCWEtest\CWE_122_2.c
C:\Users\Administrator\.jenkins\workspace\PRQA_devCWEtest\CWE_123.c
C:\Users\Administrator\.jenkins\workspace\PRQA_devCWEtest\CWE_124_1.c
C:\Users\Administrator\.jenkins\workspace\PRQA_devCWEtest\CWE_124_2.c
C:\Users\Administrator\.jenkins\workspace\PRQA_devCWEtest\CWE_125.c
C:\Users\Administrator\.jenkins\workspace\PRQA_devCWEtest\CWE_125_mod.c
C:\Users\Administrator\.jenkins\workspace\PRQA_devCWEtest\CWE_125_mod2.c
C:\Users\Administrator\.jenkins\workspace\PRQA_devCWEtest\CWE_125_수정.c
C:\Users\Administrator\.jenkins\workspace\PRQA_devCWEtest\CWE_126_1.c
C:\Users\Administrator\.jenkins\workspace\PRQA_devCWEtest\CWE_126_1_mod.c
C:\Users\Administrator\.jenkins\workspace\PRQA_devCWEtest\CWE_126_2.c
C:\Users\Administrator\.jenkins\workspace\PRQA_devCWEtest\CWE_127_make.c
C:\Users\Administrator\.jenkins\workspace\PRQA_devCWEtest\CWE_128.c
C:\Users\Administrator\.jenkins\workspace\PRQA_devCWEtest\CWE_128_make.c
C:\Users\Administrator\.jenkins\workspace\PRQA_devCWEtest\CWE_129_1.c
C:\Users\Administrator\.jenkins\workspace\PRQA_devCWEtest\CWE_129_2.c
C:\Users\Administrator\.jenkins\workspace\PRQA_devCWEtest\CWE_129_3.c
C:\Users\Administrator\.jenkins\workspace\PRQA_devCWEtest\CWE_129_4.c
C:\Users\Administrator\.jenkins\workspace\PRQA_devCWEtest\CWE_129_5.c
C:\Users\Administrator\.jenkins\workspace\PRQA_devCWEtest\CWE_129_6.c
C:\Users\Administrator\.jenkins\workspace\PRQA_devCWEtest\CWE_130.c
C:\Users\Administrator\.jenkins\workspace\PRQA_devCWEtest\CWE_131_1.c
C:\Users\Administrator\.jenkins\workspace\PRQA_devCWEtest\CWE_131_2.c
C:\Users\Administrator\.jenkins\workspace\PRQA_devCWEtest\CWE_131_3.c
C:\Users\Administrator\.jenkins\workspace\PRQA_devCWEtest\CWE_131_4.c
C:\Users\Administrator\.jenkins\workspace\PRQA_devCWEtest\CWE_131_5.c
C:\Users\Administrator\.jenkins\workspace\PRQA_devCWEtest\CWE_134_1.c
C:\Users\Administrator\.jenkins\workspace\PRQA_devCWEtest\CWE_134_2.c
C:\Users\Administrator\.jenkins\workspace\PRQA_devCWEtest\CWE_134_3.c
C:\Users\Administrator\.jenkins\workspace\PRQA_devCWEtest\CWE_135.c
C:\Users\Administrator\.jenkins\workspace\PRQA_devCWEtest\CWE_14.c
C:\Users\Administrator\.jenkins\workspace\PRQA_devCWEtest\CWE_15.c
C:\Users\Administrator\.jenkins\workspace\PRQA_devCWEtest\CWE_170_1.c
C:\Users\Administrator\.jenkins\workspace\PRQA_devCWEtest\CWE_170_2.c
C:\Users\Administrator\.jenkins\workspace\PRQA_devCWEtest\CWE_170_3.c
C:\Users\Administrator\.jenkins\workspace\PRQA_devCWEtest\CWE_176.c
C:\Users\Administrator\.jenkins\workspace\PRQA_devCWEtest\CWE_187.c
C:\Users\Administrator\.jenkins\workspace\PRQA_devCWEtest\CWE_188.c
C:\Users\Administrator\.jenkins\workspace\PRQA_devCWEtest\CWE_190_1.c
C:\Users\Administrator\.jenkins\workspace\PRQA_devCWEtest\CWE_190_2.c
C:\Users\Administrator\.jenkins\workspace\PRQA_devCWEtest\CWE_190_3.c
C:\Users\Administrator\.jenkins\workspace\PRQA_devCWEtest\CWE_190_4.c
C:\Users\Administrator\.jenkins\workspace\PRQA_devCWEtest\CWE_190_make.c
C:\Users\Administrator\.jenkins\workspace\PRQA_devCWEtest\CWE_191.c
C:\Users\Administrator\.jenkins\workspace\PRQA_devCWEtest\CWE_191_make.c
C:\Users\Administrator\.jenkins\workspace\PRQA_devCWEtest\CWE_192_1.c
C:\Users\Administrator\.jenkins\workspace\PRQA_devCWEtest\CWE_192_2.c
C:\Users\Administrator\.jenkins\workspace\PRQA_devCWEtest\CWE_194.c
C:\Users\Administrator\.jenkins\workspace\PRQA_devCWEtest\CWE_195_1.c
C:\Users\Administrator\.jenkins\workspace\PRQA_devCWEtest\CWE_195_2.c
C:\Users\Administrator\.jenkins\workspace\PRQA_devCWEtest\CWE_195_3.c
C:\Users\Administrator\.jenkins\workspace\PRQA_devCWEtest\CWE_195_4.c
C:\Users\Administrator\.jenkins\workspace\PRQA_devCWEtest\CWE_195_5.c
C:\Users\Administrator\.jenkins\workspace\PRQA_devCWEtest\CWE_195_make.c
C:\Users\Administrator\.jenkins\workspace\PRQA_devCWEtest\CWE_196_make.c
C:\Users\Administrator\.jenkins\workspace\PRQA_devCWEtest\CWE_197.c
C:\Users\Administrator\.jenkins\workspace\PRQA_devCWEtest\CWE_22.c
C:\Users\Administrator\.jenkins\workspace\PRQA_devCWEtest\CWE_242_1.c
C:\Users\Administrator\.jenkins\workspace\PRQA_devCWEtest\CWE_242_2.c
C:\Users\Administrator\.jenkins\workspace\PRQA_devCWEtest\CWE_243.c
C:\Users\Administrator\.jenkins\workspace\PRQA_devCWEtest\CWE_244.c
C:\Users\Administrator\.jenkins\workspace\PRQA_devCWEtest\CWE_29.c
C:\Users\Administrator\.jenkins\workspace\PRQA_devCWEtest\CWE_327.c
C:\Users\Administrator\.jenkins\workspace\PRQA_devCWEtest\CWE_36.c
C:\Users\Administrator\.jenkins\workspace\PRQA_devCWEtest\CWE_362_1.c
C:\Users\Administrator\.jenkins\workspace\PRQA_devCWEtest\CWE_362_2.c
C:\Users\Administrator\.jenkins\workspace\PRQA_devCWEtest\CWE_364_1.c
C:\Users\Administrator\.jenkins\workspace\PRQA_devCWEtest\CWE_364_2.c
C:\Users\Administrator\.jenkins\workspace\PRQA_devCWEtest\CWE_365.c
C:\Users\Administrator\.jenkins\workspace\PRQA_devCWEtest\CWE_366.c
C:\Users\Administrator\.jenkins\workspace\PRQA_devCWEtest\CWE_374.c
C:\Users\Administrator\.jenkins\workspace\PRQA_devCWEtest\CWE_396_make.c
C:\Users\Administrator\.jenkins\workspace\PRQA_devCWEtest\CWE_401_1.c
C:\Users\Administrator\.jenkins\workspace\PRQA_devCWEtest\CWE_401_2.c
C:\Users\Administrator\.jenkins\workspace\PRQA_devCWEtest\CWE_415_1.c
C:\Users\Administrator\.jenkins\workspace\PRQA_devCWEtest\CWE_415_2.c
C:\Users\Administrator\.jenkins\workspace\PRQA_devCWEtest\CWE_416_1.c
C:\Users\Administrator\.jenkins\workspace\PRQA_devCWEtest\CWE_416_2.c
C:\Users\Administrator\.jenkins\workspace\PRQA_devCWEtest\CWE_457.c
C:\Users\Administrator\.jenkins\workspace\PRQA_devCWEtest\CWE_463.c
C:\Users\Administrator\.jenkins\workspace\PRQA_devCWEtest\CWE_464.c
C:\Users\Administrator\.jenkins\workspace\PRQA_devCWEtest\CWE_467_1.c
C:\Users\Administrator\.jenkins\workspace\PRQA_devCWEtest\CWE_467_2.c
C:\Users\Administrator\.jenkins\workspace\PRQA_devCWEtest\CWE_468.c
C:\Users\Administrator\.jenkins\workspace\PRQA_devCWEtest\CWE_469.c
C:\Users\Administrator\.jenkins\workspace\PRQA_devCWEtest\CWE_476_1.c
C:\Users\Administrator\.jenkins\workspace\PRQA_devCWEtest\CWE_476_2.c
C:\Users\Administrator\.jenkins\workspace\PRQA_devCWEtest\CWE_478.c
C:\Users\Administrator\.jenkins\workspace\PRQA_devCWEtest\CWE_479.c
C:\Users\Administrator\.jenkins\workspace\PRQA_devCWEtest\CWE_480_1.c
C:\Users\Administrator\.jenkins\workspace\PRQA_devCWEtest\CWE_480_2.c
C:\Users\Administrator\.jenkins\workspace\PRQA_devCWEtest\CWE_481_1.c
C:\Users\Administrator\.jenkins\workspace\PRQA_devCWEtest\CWE_481_2.c
C:\Users\Administrator\.jenkins\workspace\PRQA_devCWEtest\CWE_481_3.c
C:\Users\Administrator\.jenkins\workspace\PRQA_devCWEtest\CWE_482.c
C:\Users\Administrator\.jenkins\workspace\PRQA_devCWEtest\CWE_483_1.c
C:\Users\Administrator\.jenkins\workspace\PRQA_devCWEtest\CWE_483_2.c
C:\Users\Administrator\.jenkins\workspace\PRQA_devCWEtest\CWE_484.c
C:\Users\Administrator\.jenkins\workspace\PRQA_devCWEtest\CWE_558.c
C:\Users\Administrator\.jenkins\workspace\PRQA_devCWEtest\CWE_560_02.c
C:\Users\Administrator\.jenkins\workspace\PRQA_devCWEtest\CWE_560_03.c
C:\Users\Administrator\.jenkins\workspace\PRQA_devCWEtest\CWE_560_04.c
C:\Users\Administrator\.jenkins\workspace\PRQA_devCWEtest\CWE_560_05.c
C:\Users\Administrator\.jenkins\workspace\PRQA_devCWEtest\CWE_560_06.c
C:\Users\Administrator\.jenkins\workspace\PRQA_devCWEtest\CWE_560_07.c
C:\Users\Administrator\.jenkins\workspace\PRQA_devCWEtest\CWE_560_08.c
C:\Users\Administrator\.jenkins\workspace\PRQA_devCWEtest\CWE_560_09.c
C:\Users\Administrator\.jenkins\workspace\PRQA_devCWEtest\CWE_560_1.c
C:\Users\Administrator\.jenkins\workspace\PRQA_devCWEtest\CWE_560_10.c
C:\Users\Administrator\.jenkins\workspace\PRQA_devCWEtest\CWE_560_11.c
C:\Users\Administrator\.jenkins\workspace\PRQA_devCWEtest\CWE_560_12.c
C:\Users\Administrator\.jenkins\workspace\PRQA_devCWEtest\CWE_560_13.c
C:\Users\Administrator\.jenkins\workspace\PRQA_devCWEtest\CWE_560_14.c
C:\Users\Administrator\.jenkins\workspace\PRQA_devCWEtest\CWE_560_15.c
C:\Users\Administrator\.jenkins\workspace\PRQA_devCWEtest\CWE_560_16.c
C:\Users\Administrator\.jenkins\workspace\PRQA_devCWEtest\CWE_560_17.c
C:\Users\Administrator\.jenkins\workspace\PRQA_devCWEtest\CWE_560_18.c
C:\Users\Administrator\.jenkins\workspace\PRQA_devCWEtest\CWE_560_19.c
C:\Users\Administrator\.jenkins\workspace\PRQA_devCWEtest\CWE_562.c
C:\Users\Administrator\.jenkins\workspace\PRQA_devCWEtest\CWE_587.c
C:\Users\Administrator\.jenkins\workspace\PRQA_devCWEtest\CWE_676.c
C:\Users\Administrator\.jenkins\workspace\PRQA_devCWEtest\CWE_689_make.c
C:\Users\Administrator\.jenkins\workspace\PRQA_devCWEtest\CWE_690.c
C:\Users\Administrator\.jenkins\workspace\PRQA_devCWEtest\CWE_704_make.c
C:\Users\Administrator\.jenkins\workspace\PRQA_devCWEtest\CWE_78.c
C:\Users\Administrator\.jenkins\workspace\PRQA_devCWEtest\CWE_783.c
C:\Users\Administrator\.jenkins\workspace\PRQA_devCWEtest\CWE_785.c
C:\Users\Administrator\.jenkins\workspace\PRQA_devCWEtest\CWE_789.c
C:\Users\Administrator\.jenkins\workspace\PRQA_devCWEtest\CWE_805_1.c
C:\Users\Administrator\.jenkins\workspace\PRQA_devCWEtest\CWE_805_2.c
C:\Users\Administrator\.jenkins\workspace\PRQA_devCWEtest\CWE_805_3.c
C:\Users\Administrator\.jenkins\workspace\PRQA_devCWEtest\CWE_805_4.c
C:\Users\Administrator\.jenkins\workspace\PRQA_devCWEtest\CWE_806_1.c
C:\Users\Administrator\.jenkins\workspace\PRQA_devCWEtest\CWE_806_2.c
C:\Users\Administrator\.jenkins\workspace\PRQA_devCWEtest\CWE_839_1.c
C:\Users\Administrator\.jenkins\workspace\PRQA_devCWEtest\CWE_839_2.c
C:\Users\Administrator\.jenkins\workspace\PRQA_devCWEtest\ CWE_839_3.c
C:\Users\Administrator\.jenkins\workspace\PRQA_devCWEtest\CWE_843.c
C:\Users\Administrator\.jenkins\workspace\PRQA_devCWEtest\CWE_89.c
C:\Users\Administrator\.jenkins\workspace\PRQA_devCWEtest\CWE_89_make.c
C:\Users\Administrator\.jenkins\workspace\PRQA_devCWEtest\CWE_909.c
C:\Users\Administrator\.jenkins\workspace\PRQA_devCWEtest\headertest.c
